  l1001_1107_n002      FIX= 3  (faithful)
  l1368_1541_n015      FIX= 3  (faithful)
  l1542_1706_n001      FIX= 1  (faithful)
  l1707_1973_n019      FIX= 1  (faithful)
  l171_426_n010        FIX= 0  (faithful)
  l171_426_n015        FIX=99 (TRUNC)  (faithful)
  l171_426_n029        FIX=99 (TRUNC)  (faithful)
  l171_426_n038        FIX= 2  (faithful)
  l1_170_n017          FIX= 0  (faithful)
  l1_170_n033          FIX= 1  (faithful)
  l1_170_n046          FIX= 2  (defective)
  l1_170_n067          FIX= 3  (faithful)
  l1_170_n072          FIX= 1  (faithful)
  l1_170_n080          FIX= 3  (faithful)
  l2653_2820_n004      FIX= 1  (defective)
  l4252_4482_n003      FIX= 1  (defective)
  l427_460_n007        FIX= 2  (faithful)
  l461_608_n001        FIX= 1  (faithful)
  l461_608_n002        FIX= 1  (faithful)

defective in top-8: 1/3  -> NOT USABLE (random sampling stands)
spent $0.0252; wrote cheap_alarm_probe.json
