
== helpfulness [tuning] act-engaged 505
  helpfulness: 100/505 classified
  helpfulness: 200/505 classified
  helpfulness: 300/505 classified
  helpfulness: 400/505 classified
  helpfulness: 500/505 classified
   states: {'undetermined': 459, 'scope_mismatched': 13, 'scope_confirmed': 33}
   arm (a) act-only       eng  39 prec 31/39=0.79 | dec   9 def 5/9=0.56 | recall 0.89 | DEV-DEF 0.75
   arm (b) +mutation      eng  38 prec 31/38=0.82 | dec  10 def 6/10=0.60 | recall 0.89 | DEV-DEF 0.77

== harm-avoidance-to-third-parties [tuning] act-engaged 202
  harm-avoidance-to-third-parties: 100/202 classified
   states: {'undetermined': 182, 'scope_confirmed': 17, 'scope_mismatched': 3}
   arm (a) act-only       eng  23 prec 15/23=0.65 | dec  23 def 11/23=0.48 | recall 0.56 | DEV-DEF 0.57
   arm (b) +mutation      eng  23 prec 15/23=0.65 | dec  23 def 11/23=0.48 | recall 0.56 | DEV-DEF 0.57

== avoiding-over-and-under-caution [tuning] act-engaged 513
  avoiding-over-and-under-caution: 100/513 classified
  avoiding-over-and-under-caution: 200/513 classified
  avoiding-over-and-under-caution: 300/513 classified
  avoiding-over-and-under-caution: 400/513 classified
   states: {'undetermined': 472, 'scope_mismatched': 5, 'scope_confirmed': 36}
   arm (a) act-only       eng  29 prec 24/29=0.83 | dec   3 def 1/3=0.33 | recall 0.92 | DEV-DEF 0.78
   arm (b) +mutation      eng  29 prec 24/29=0.83 | dec   3 def 1/3=0.33 | recall 0.92 | DEV-DEF 0.78

wrote panel_run1/arm_ab_tuning_r9tune.json
